// Jest Snapshot v1, https://goo.gl/fbAQLP

exports[`Testing Header component It should be properly rendered with user property: 2 1`] = `
<DocumentFragment>
  <header
    class="navbar fixed-top navbar-dark bg-dark"
  >
    <div
      class="container"
    >
      <div
        class="navbar-brand"
      >
        <a
          href="/"
        >
          Welcome to 
          <strong>
            Azamon
          </strong>
        </a>
        <div
          class="my-page-title"
        >
          Header
        </div>
      </div>
      <div
        class="navbar-brand"
      >
        <div>
          <a
            href="/main/profile"
          >
            <strong>
              John
            </strong>
            <svg
              class="my-icon"
              fill="currentColor"
              height="1em"
              stroke="currentColor"
              stroke-width="0"
              viewBox="0 0 448 512"
              width="1em"
              xmlns="http://www.w3.org/2000/svg"
            >
              <path
                d="M224 256c70.7 0 128-57.3 128-128S294.7 0 224 0 96 57.3 96 128s57.3 128 128 128zm89.6 32h-16.7c-22.2 10.2-46.9 16-72.9 16s-50.6-5.8-72.9-16h-16.7C60.2 288 0 348.2 0 422.4V464c0 26.5 21.5 48 48 48h352c26.5 0 48-21.5 48-48v-41.6c0-74.2-60.2-134.4-134.4-134.4z"
              />
            </svg>
          </a>
          <a
            class="my-icon my-cart-icon-container"
            data-testid="toggleCart"
            href="/"
          >
            <svg
              class="my-cart-icon"
              fill="currentColor"
              height="1em"
              stroke="currentColor"
              stroke-width="0"
              viewBox="0 0 512 512"
              width="1em"
              xmlns="http://www.w3.org/2000/svg"
            >
              <path
                d="M169.6 377.6c-22.882 0-41.6 18.718-41.6 41.601 0 22.882 18.718 41.6 41.6 41.6s41.601-18.718 41.601-41.6c-.001-22.884-18.72-41.601-41.601-41.601zM48 51.2v41.6h41.6l74.883 151.682-31.308 50.954c-3.118 5.2-5.2 12.482-5.2 19.765 0 27.85 19.025 41.6 44.825 41.6H416v-40H177.893c-3.118 0-5.2-2.082-5.2-5.2 0-1.036 2.207-5.2 2.207-5.2l20.782-32.8h154.954c15.601 0 29.128-8.317 36.4-21.836l74.882-128.8c1.237-2.461 2.082-6.246 2.082-10.399 0-11.446-9.364-19.765-20.8-19.765H135.364L115.6 51.2H48zm326.399 326.4c-22.882 0-41.6 18.718-41.6 41.601 0 22.882 18.718 41.6 41.6 41.6S416 442.082 416 419.2c0-22.883-18.719-41.6-41.601-41.6z"
              />
            </svg>
            <svg
              class="my-cart-icon-number"
              height="12"
              width="12"
              xmlns="http://www.w3.org/2000/svg"
            >
              <circle
                cx="6"
                cy="6"
                fill="red"
                r="6"
              />
              <text
                fill="white"
                font-family="sans-serif"
                font-size="12"
                font-weight="bold"
                text-anchor="middle"
                x="6"
                y="10"
              >
                5
              </text>
            </svg>
          </a>
          <div
            class="my-logout-icon"
          >
            <a
              href="/main/logout"
            >
              <svg
                fill="currentColor"
                height="1em"
                stroke="currentColor"
                stroke-width="0"
                viewBox="0 0 512 512"
                width="1em"
                xmlns="http://www.w3.org/2000/svg"
              >
                <path
                  d="M497 273L329 441c-15 15-41 4.5-41-17v-96H152c-13.3 0-24-10.7-24-24v-96c0-13.3 10.7-24 24-24h136V88c0-21.4 25.9-32 41-17l168 168c9.3 9.4 9.3 24.6 0 34zM192 436v-40c0-6.6-5.4-12-12-12H96c-17.7 0-32-14.3-32-32V160c0-17.7 14.3-32 32-32h84c6.6 0 12-5.4 12-12V76c0-6.6-5.4-12-12-12H96c-53 0-96 43-96 96v192c0 53 43 96 96 96h84c6.6 0 12-5.4 12-12z"
                />
              </svg>
            </a>
          </div>
        </div>
      </div>
    </div>
  </header>
</DocumentFragment>
`;

exports[`Testing Header component It should be properly rendered without user property: 1 1`] = `
<DocumentFragment>
  <header
    class="navbar fixed-top navbar-dark bg-dark"
  >
    <div
      class="container"
    >
      <div
        class="navbar-brand"
      >
        <a
          href="/"
        >
          Welcome to 
          <strong>
            Azamon
          </strong>
        </a>
        <div
          class="my-page-title"
        >
          Header
        </div>
      </div>
      <div
        class="navbar-brand"
      />
    </div>
  </header>
</DocumentFragment>
`;
