// Jest Snapshot v1, https://goo.gl/fbAQLP

exports[`Testing Notification component It should be properly rendered 1`] = `
<DocumentFragment>
  <div
    class="card my-notification"
  >
    <h5
      class="card-header bg-success text-light"
    >
      Test notification
      <button
        class="ml-2 mb-1 close"
        type="button"
      >
        Ã—
      </button>
    </h5>
    <div
      class="card-body"
    >
      <p
        class="card-text"
      >
        Test message
      </p>
      <button
        class="btn btn-success text-light"
      >
        Close
      </button>
    </div>
  </div>
</DocumentFragment>
`;
