// Jest Snapshot v1, https://goo.gl/fbAQLP

exports[`Testing Modal component It should be properly rendered 1`] = `
<DocumentFragment>
  <div
    class="my-container"
  >
    <div
      class="my-modal"
    >
      <button
        class="ml-2 mb-1 close"
      >
        Ã—
      </button>
      <h2>
        Modal title
      </h2>
      Modal body
    </div>
  </div>
</DocumentFragment>
`;
